2026-04-30 13:00:34,899 - root - INFO - main.py:131 - 启动开发服务器...
2026-04-30 13:00:36,593 - root - INFO - main.py:19 - 应用启动中...
2026-04-30 13:00:36,611 - sqlalchemy.engine.Engine - INFO - base.py:1846 - select pg_catalog.version()
2026-04-30 13:00:36,611 - sqlalchemy.engine.Engine - INFO - base.py:1846 - [raw sql] {}
2026-04-30 13:00:36,612 - sqlalchemy.engine.Engine - INFO - base.py:1846 - select current_schema()
2026-04-30 13:00:36,612 - sqlalchemy.engine.Engine - INFO - base.py:1846 - [raw sql] {}
2026-04-30 13:00:36,613 - sqlalchemy.engine.Engine - INFO - base.py:1846 - show standard_conforming_strings
2026-04-30 13:00:36,613 - sqlalchemy.engine.Engine - INFO - base.py:1846 - [raw sql] {}
2026-04-30 13:00:36,613 - sqlalchemy.engine.Engine - INFO - base.py:2710 - BEGIN (implicit)
2026-04-30 13:00:36,617 - sqlalchemy.engine.Engine - INFO - base.py:1846 - SELECT pg_catalog.pg_class.relname 
FROM pg_catalog.pg_class JOIN pg_catalog.pg_namespace ON pg_catalog.pg_namespace.oid = pg_catalog.pg_class.relnamespace 
WHERE pg_catalog.pg_class.relname = %(table_name)s AND pg_catalog.pg_class.relkind = ANY (ARRAY[%(param_1)s, %(param_2)s, %(param_3)s, %(param_4)s, %(param_5)s]) AND pg_catalog.pg_table_is_visible(pg_catalog.pg_class.oid) AND pg_catalog.pg_namespace.nspname != %(nspname_1)s
2026-04-30 13:00:36,617 - sqlalchemy.engine.Engine - INFO - base.py:1846 - [generated in 0.00020s] {'table_name': 'users', 'param_1': 'r', 'param_2': 'p', 'param_3': 'f', 'param_4': 'v', 'param_5': 'm', 'nspname_1': 'pg_catalog'}
2026-04-30 13:00:36,621 - sqlalchemy.engine.Engine - INFO - base.py:1846 - SELECT pg_catalog.pg_class.relname 
FROM pg_catalog.pg_class JOIN pg_catalog.pg_namespace ON pg_catalog.pg_namespace.oid = pg_catalog.pg_class.relnamespace 
WHERE pg_catalog.pg_class.relname = %(table_name)s AND pg_catalog.pg_class.relkind = ANY (ARRAY[%(param_1)s, %(param_2)s, %(param_3)s, %(param_4)s, %(param_5)s]) AND pg_catalog.pg_table_is_visible(pg_catalog.pg_class.oid) AND pg_catalog.pg_namespace.nspname != %(nspname_1)s
2026-04-30 13:00:36,621 - sqlalchemy.engine.Engine - INFO - base.py:1846 - [cached since 0.004193s ago] {'table_name': 'operation_logs', 'param_1': 'r', 'param_2': 'p', 'param_3': 'f', 'param_4': 'v', 'param_5': 'm', 'nspname_1': 'pg_catalog'}
2026-04-30 13:00:36,624 - sqlalchemy.engine.Engine - INFO - base.py:1846 - 
CREATE TABLE users (
	id SERIAL NOT NULL, 
	username VARCHAR(50) NOT NULL, 
	email VARCHAR(100) NOT NULL, 
	hashed_password VARCHAR(255) NOT NULL, 
	full_name VARCHAR(100), 
	is_active BOOLEAN, 
	is_superuser BOOLEAN, 
	created_at TIMESTAMP WITH TIME ZONE DEFAULT now(), 
	updated_at TIMESTAMP WITH TIME ZONE DEFAULT now(), 
	PRIMARY KEY (id)
)


2026-04-30 13:00:36,624 - sqlalchemy.engine.Engine - INFO - base.py:1846 - [no key 0.00008s] {}
2026-04-30 13:00:36,641 - sqlalchemy.engine.Engine - INFO - base.py:1846 - CREATE INDEX ix_users_id ON users (id)
2026-04-30 13:00:36,641 - sqlalchemy.engine.Engine - INFO - base.py:1846 - [no key 0.00008s] {}
2026-04-30 13:00:36,642 - sqlalchemy.engine.Engine - INFO - base.py:1846 - CREATE UNIQUE INDEX ix_users_email ON users (email)
2026-04-30 13:00:36,642 - sqlalchemy.engine.Engine - INFO - base.py:1846 - [no key 0.00007s] {}
2026-04-30 13:00:36,642 - sqlalchemy.engine.Engine - INFO - base.py:1846 - CREATE UNIQUE INDEX ix_users_username ON users (username)
2026-04-30 13:00:36,642 - sqlalchemy.engine.Engine - INFO - base.py:1846 - [no key 0.00007s] {}
2026-04-30 13:00:36,645 - sqlalchemy.engine.Engine - INFO - base.py:1846 - 
CREATE TABLE operation_logs (
	id SERIAL NOT NULL, 
	user_id INTEGER, 
	action VARCHAR(100) NOT NULL, 
	resource VARCHAR(100) NOT NULL, 
	details TEXT, 
	ip_address VARCHAR(45), 
	created_at TIMESTAMP WITH TIME ZONE DEFAULT now(), 
	PRIMARY KEY (id)
)


2026-04-30 13:00:36,645 - sqlalchemy.engine.Engine - INFO - base.py:1846 - [no key 0.00008s] {}
2026-04-30 13:00:36,647 - sqlalchemy.engine.Engine - INFO - base.py:1846 - CREATE INDEX ix_operation_logs_user_id ON operation_logs (user_id)
2026-04-30 13:00:36,648 - sqlalchemy.engine.Engine - INFO - base.py:1846 - [no key 0.00007s] {}
2026-04-30 13:00:36,648 - sqlalchemy.engine.Engine - INFO - base.py:1846 - CREATE INDEX ix_operation_logs_id ON operation_logs (id)
2026-04-30 13:00:36,648 - sqlalchemy.engine.Engine - INFO - base.py:1846 - [no key 0.00007s] {}
2026-04-30 13:00:36,649 - sqlalchemy.engine.Engine - INFO - base.py:2716 - COMMIT
2026-04-30 13:00:36,650 - root - INFO - main.py:24 - 数据库表创建完成
2026-04-30 13:02:00,056 - watchfiles.main - INFO - main.py:308 - 3 changes detected
2026-04-30 13:09:42,086 - watchfiles.main - INFO - main.py:308 - 3 changes detected
2026-04-30 13:11:48,688 - watchfiles.main - INFO - main.py:308 - 6015 changes detected
2026-04-30 13:11:49,718 - root - INFO - main.py:31 - 应用关闭中...
2026-04-30 13:11:50,093 - watchfiles.main - INFO - main.py:308 - 1 change detected
2026-04-30 13:11:51,631 - root - INFO - main.py:19 - 应用启动中...
2026-04-30 13:11:51,645 - sqlalchemy.engine.Engine - INFO - base.py:1846 - select pg_catalog.version()
2026-04-30 13:11:51,646 - sqlalchemy.engine.Engine - INFO - base.py:1846 - [raw sql] {}
2026-04-30 13:11:51,647 - sqlalchemy.engine.Engine - INFO - base.py:1846 - select current_schema()
2026-04-30 13:11:51,647 - sqlalchemy.engine.Engine - INFO - base.py:1846 - [raw sql] {}
2026-04-30 13:11:51,647 - sqlalchemy.engine.Engine - INFO - base.py:1846 - show standard_conforming_strings
2026-04-30 13:11:51,647 - sqlalchemy.engine.Engine - INFO - base.py:1846 - [raw sql] {}
2026-04-30 13:11:51,648 - sqlalchemy.engine.Engine - INFO - base.py:2710 - BEGIN (implicit)
2026-04-30 13:11:51,651 - sqlalchemy.engine.Engine - INFO - base.py:1846 - SELECT pg_catalog.pg_class.relname 
FROM pg_catalog.pg_class JOIN pg_catalog.pg_namespace ON pg_catalog.pg_namespace.oid = pg_catalog.pg_class.relnamespace 
WHERE pg_catalog.pg_class.relname = %(table_name)s AND pg_catalog.pg_class.relkind = ANY (ARRAY[%(param_1)s, %(param_2)s, %(param_3)s, %(param_4)s, %(param_5)s]) AND pg_catalog.pg_table_is_visible(pg_catalog.pg_class.oid) AND pg_catalog.pg_namespace.nspname != %(nspname_1)s
2026-04-30 13:11:51,651 - sqlalchemy.engine.Engine - INFO - base.py:1846 - [generated in 0.00020s] {'table_name': 'users', 'param_1': 'r', 'param_2': 'p', 'param_3': 'f', 'param_4': 'v', 'param_5': 'm', 'nspname_1': 'pg_catalog'}
2026-04-30 13:11:51,652 - sqlalchemy.engine.Engine - INFO - base.py:1846 - SELECT pg_catalog.pg_class.relname 
FROM pg_catalog.pg_class JOIN pg_catalog.pg_namespace ON pg_catalog.pg_namespace.oid = pg_catalog.pg_class.relnamespace 
WHERE pg_catalog.pg_class.relname = %(table_name)s AND pg_catalog.pg_class.relkind = ANY (ARRAY[%(param_1)s, %(param_2)s, %(param_3)s, %(param_4)s, %(param_5)s]) AND pg_catalog.pg_table_is_visible(pg_catalog.pg_class.oid) AND pg_catalog.pg_namespace.nspname != %(nspname_1)s
2026-04-30 13:11:51,652 - sqlalchemy.engine.Engine - INFO - base.py:1846 - [cached since 0.001191s ago] {'table_name': 'operation_logs', 'param_1': 'r', 'param_2': 'p', 'param_3': 'f', 'param_4': 'v', 'param_5': 'm', 'nspname_1': 'pg_catalog'}
2026-04-30 13:11:51,653 - sqlalchemy.engine.Engine - INFO - base.py:2716 - COMMIT
2026-04-30 13:11:51,653 - root - INFO - main.py:24 - 数据库表创建完成
2026-04-30 13:11:58,742 - watchfiles.main - INFO - main.py:308 - 4 changes detected
2026-04-30 13:11:59,101 - watchfiles.main - INFO - main.py:308 - 4 changes detected
2026-04-30 13:14:52,064 - watchfiles.main - INFO - main.py:308 - 3 changes detected
2026-04-30 13:22:56,300 - watchfiles.main - INFO - main.py:308 - 3 changes detected
2026-04-30 13:23:15,352 - watchfiles.main - INFO - main.py:308 - 1 change detected
2026-04-30 13:28:13,715 - watchfiles.main - INFO - main.py:308 - 3 changes detected
